Fatal error: exception Failure("Function gcd does
                            not exist with the given parameters.")
