Fatal error: exception Failure("Function arrLen does
                            not exist with the given parameters.")
