Fatal error: exception Failure("While statement must have a boolean expression
            conditional")
