Fatal error: exception Failure("number of item decl fields do not match definition.")
