Fatal error: exception Failure("Positional array access specifier must be an
                    Integer")
