Fatal error: exception Failure("undeclared identifier a")
