Fatal error: exception Failure("undeclared identifier Outside")
