Fatal error: exception Failure("number of npc decl fields do not match definition.")
