Fatal error: exception Failure("arr_len expects an array
                      argument")
