Fatal error: exception Failure("number of room decl fields do not match definition.")
