Fatal error: exception Failure("Types to arithmetic operators +, -, *, /
            must both be Int")
