Fatal error: exception Failure("Type mismatch in assignment statement")
