Fatal error: exception Failure("Types to binary boolean operators AND, OR must both be Boolean")
