Fatal error: exception Failure("undeclared identifier LivingRoom")
