Fatal error: exception Failure("Return type of expression does not match return
type of function")
