Fatal error: exception Failure("Expression in if statement conditional must be
    of type Boolean")
