Fatal error: exception Failure("Types to integer comparison
                        operators <, <=, >, >= must be integers")
