Fatal error: exception Failure("Types to ~~ must both be String")
