Fatal error: exception Failure("Array size must be integer")
