Fatal error: exception Failure("Type to unary boolean NOT operator must be
                    boolean")
