Fatal error: exception Failure("get_input_from_options expects 
                      one or more string arguments")
