Fatal error: exception Failure("room defs didn't check out")
