Fatal error: exception Failure("field name in room decl does not
                exist.")
