Fatal error: exception Failure("Function fib does
                                    not exist with the given parameters.")
