Fatal error: exception Failure("undeclared identifier i")
