Fatal error: exception Failure("Invalid variable type used")
