Fatal error: exception Failure("field name in npc decl does not
                exist.")
