Fatal error: exception Failure("Type mismatch in variable initialization")
