Fatal error: exception Failure("Array access must be used on an array
type")
