You have a fluffy purse. There's a cat here. Its name is Tubbs and it's white