You're a mouse.
Currently in: Closet
Choose from one of the following options:
Wall
Bedroom
Input: Wall
Currently in: Wall
Choose from one of the following options:
Kitchen
Closet
Input: Kitchen
Currently in: Kitchen
Choose from one of the following options:
Wall
Bedroom
Input: Wall
Currently in: Wall
Choose from one of the following options:
Kitchen
Closet
Input: Kitchen
Currently in: Kitchen
Choose from one of the following options:
Wall
Bedroom
Input: Bedroom
you got eaten by the cat.