you are in space. you're being launched into the surface of the sun
currently the temperature is -1000
Now you're on the surface of the sun; the temp is 99999. There's a cat here. Its name is Tubbs and it's white