single quo'te
tab	tab
backspace
carriage return
formfeedformfeed
escaped "double quote"
backslas\h
