3
-1
2
50
99
false
true
99
true
false
99
true
false
99
true
true
false
99
false
true
99
false
true
true
