Currently in: Bedroom
Choose from one of the following options:
Closet
LivingRoom

Currently in: Living Room
Choose from one of the following options:
Bedroom
Outside

Currently in: Outside

Good job making it outside, lazybones.
